******************************************************************************
                  TI ARM Linker Unix v5.2.5                    
******************************************************************************
>> Linked Wed Apr  6 15:09:14 2016

OUTPUT FILE NAME:   <drowsiness_detector.out>
ENTRY POINT SYMBOL: "_c_int00"  address: 00001871


MEMORY CONFIGURATION

         name            origin    length      used     unused   attr    fill
----------------------  --------  ---------  --------  --------  ----  --------
  FLASH                 00000000   00040000  00001f1e  0003e0e2  R  X
  SRAM                  20000000   00008000  00000314  00007cec  RW X


SEGMENT ALLOCATION MAP

run origin  load origin   length   init length attrs members
----------  ----------- ---------- ----------- ----- -------
00000000    00000000    00001f20   00001f20    r-x
  00000000    00000000    0000026c   0000026c    r-- .intvecs
  0000026c    0000026c    00001a82   00001a82    r-x .text
  00001cf0    00001cf0    000001d0   000001d0    r-- .const
  00001ec0    00001ec0    00000060   00000060    r-- .cinit
20000000    20000000    00000314   00000000    rw-
  20000000    20000000    00000200   00000000    rw- .stack
  20000200    20000200    0000008c   00000000    rw- .data
  2000028c    2000028c    00000088   00000000    rw- .bss


SECTION ALLOCATION MAP

 output                                  attributes/
section   page    origin      length       input sections
--------  ----  ----------  ----------   ----------------
.intvecs   0    00000000    0000026c     
                  00000000    0000026c     tm4c123gh6pm_startup_ccs.obj (.intvecs)

.text      0    0000026c    00001a82     
                  0000026c    00000910     lab-0.obj (.text)
                  00000b7c    0000021e     rtsv7M4_T_le_v4SPD16_eabi.lib : ll_div_t2.obj (.text)
                  00000d9a    000001b6                                   : fd_add_t2.obj (.text)
                  00000f50    00000136                                   : fd_div_t2.obj (.text)
                  00001086    00000132     driverlib.lib : gpio.obj (.text:GPIOPadConfigSet)
                  000011b8    00000110                   : sysctl.obj (.text:SysCtlClockGet)
                  000012c8    000000fc     rtsv7M4_T_le_v4SPD16_eabi.lib : fd_mul_t2.obj (.text)
                  000013c4    000000f4     driverlib.lib : sysctl.obj (.text:SysCtlClockSet)
                  000014b8    0000009c     rtsv7M4_T_le_v4SPD16_eabi.lib : memcpy_t2.obj (.text)
                  00001554    00000086                                   : fd_cmp_t2.obj (.text:__aeabi_cdrcmple)
                  000015da    0000007a     driverlib.lib : adc.obj (.text:ADCSequenceStepConfigure)
                  00001654    0000007a     rtsv7M4_T_le_v4SPD16_eabi.lib : memset_t2.obj (.text)
                  000016ce    00000002                                   : l_div0.obj (.text)
                  000016d0    0000006c                                   : autoinit.obj (.text)
                  0000173c    0000006a                                   : copy_decompress_rle.obj (.text)
                  000017a6    00000002     --HOLE-- [fill = 0]
                  000017a8    00000068     driverlib.lib : interrupt.obj (.text:IntEnable)
                  00001810    00000060                   : timer.obj (.text:TimerConfigure)
                  00001870    00000050     rtsv7M4_T_le_v4SPD16_eabi.lib : boot.obj (.text)
                  000018c0    0000004c                                   : cpy_tbl.obj (.text)
                  0000190c    00000048     driverlib.lib : gpio.obj (.text:GPIOPinConfigure)
                  00001954    00000048     rtsv7M4_T_le_v4SPD16_eabi.lib : fd_tos_t2.obj (.text)
                  0000199c    00000046     driverlib.lib : uart.obj (.text:UARTConfigSetExpClk)
                  000019e2    00000002     --HOLE-- [fill = 0]
                  000019e4    00000044     rtsv7M4_T_le_v4SPD16_eabi.lib : exit.obj (.text)
                  00001a28    0000003e     driverlib.lib : adc.obj (.text:ADCSequenceConfigure)
                  00001a66    00000038     rtsv7M4_T_le_v4SPD16_eabi.lib : fs_tod_t2.obj (.text)
                  00001a9e    00000002     --HOLE-- [fill = 0]
                  00001aa0    00000034     driverlib.lib : sysctl.obj (.text:SysCtlPeripheralEnable)
                  00001ad4    0000002e                   : adc.obj (.text:ADCIntStatus)
                  00001b02    0000002e     rtsv7M4_T_le_v4SPD16_eabi.lib : i_tofd_t2.obj (.text)
                  00001b30    0000002a     driverlib.lib : gpio.obj (.text:GPIODirModeSet)
                  00001b5a    00000002     --HOLE-- [fill = 0]
                  00001b5c    00000020                   : uart.obj (.text:UARTDisable)
                  00001b7c    0000001e                   : adc.obj (.text:ADCSequenceDataGet)
                  00001b9a    00000018                   : adc.obj (.text:ADCProcessorTrigger)
                  00001bb2    00000018                   : gpio.obj (.text:GPIOPinTypeGPIOOutput)
                  00001bca    00000002     --HOLE-- [fill = 0]
                  00001bcc    00000018     rtsv7M4_T_le_v4SPD16_eabi.lib : args_main.obj (.text)
                  00001be4    00000014     driverlib.lib : uart.obj (.text:UARTEnable)
                  00001bf8    00000014     rtsv7M4_T_le_v4SPD16_eabi.lib : _lock.obj (.text)
                  00001c0c    00000012     driverlib.lib : gpio.obj (.text:GPIOPinTypeADC)
                  00001c1e    00000012                   : gpio.obj (.text:GPIOPinTypeGPIOInput)
                  00001c30    00000012                   : gpio.obj (.text:GPIOPinTypeUART)
                  00001c42    00000012                   : timer.obj (.text:TimerLoadSet)
                  00001c54    00000010                   : interrupt.obj (.text:IntMasterEnable)
                  00001c64    0000000e                   : adc.obj (.text:ADCSequenceEnable)
                  00001c72    0000000e                   : timer.obj (.text:TimerEnable)
                  00001c80    0000000e     rtsv7M4_T_le_v4SPD16_eabi.lib : copy_decompress_none.obj (.text:decompress:none)
                  00001c8e    0000000c     driverlib.lib : cpu.obj (.text:CPUcpsie)
                  00001c9a    0000000c     rtsv7M4_T_le_v4SPD16_eabi.lib : copy_zero_init.obj (.text:decompress:ZI)
                  00001ca6    0000000c     tm4c123gh6pm_startup_ccs.obj (.text)
                  00001cb2    0000000a     driverlib.lib : adc.obj (.text:ADCIntClear)
                  00001cbc    0000000a                   : uart.obj (.text:UARTCharPut)
                  00001cc6    00000008                   : timer.obj (.text:TimerIntEnable)
                  00001cce    00000006                   : gpio.obj (.text:GPIOPinRead)
                  00001cd4    00000006                   : gpio.obj (.text:GPIOPinWrite)
                  00001cda    00000006                   : sysctl.obj (.text:SysCtlDelay)
                  00001ce0    00000006     rtsv7M4_T_le_v4SPD16_eabi.lib : copy_decompress_rle.obj (.text:decompress:rle24)
                  00001ce6    00000004     driverlib.lib : timer.obj (.text:TimerIntClear)
                  00001cea    00000004     rtsv7M4_T_le_v4SPD16_eabi.lib : pre_init.obj (.text)

.const     0    00001cf0    000001d0     
                  00001cf0    00000090     driverlib.lib : gpio.obj (.const:g_pui32GPIOBaseAddrs)
                  00001d80    00000070                   : interrupt.obj (.const)
                  00001df0    0000006c                   : sysctl.obj (.const:g_pui32Xtals)
                  00001e5c    00000064     lab-0.obj (.const:.string:$P$T0$1)

.cinit     0    00001ec0    00000060     
                  00001ec0    0000003a     (.cinit..data.load) [load image, compression = rle]
                  00001efa    00000002     --HOLE-- [fill = 0]
                  00001efc    0000000c     (__TI_handler_table)
                  00001f08    00000008     (.cinit..bss.load) [load image, compression = zero_init]
                  00001f10    00000010     (__TI_cinit_table)

.init_array 
*          0    00000000    00000000     UNINITIALIZED

.data      0    20000200    0000008c     UNINITIALIZED
                  20000200    00000078     lab-0.obj (.data)
                  20000278    00000008     rtsv7M4_T_le_v4SPD16_eabi.lib : _lock.obj (.data)
                  20000280    00000008                                   : exit.obj (.data)
                  20000288    00000004                                   : stkdepth_vars.obj (.data)

.bss       0    2000028c    00000088     UNINITIALIZED
                  2000028c    00000050     lab-0.obj (.bss:rate)
                  200002dc    00000028     lab-0.obj (.bss:blinkDuration)
                  20000304    00000004     (.common:BPM)
                  20000308    00000004     (.common:Signal)
                  2000030c    00000004     (.common:hrValue)
                  20000310    00000004     (.common:irValue)

.stack     0    20000000    00000200     UNINITIALIZED
                  20000000    00000200     --HOLE--

.TI.persistent 
*          0    20000200    00000000     UNINITIALIZED

.TI.noinit 
*          0    2000028c    00000000     UNINITIALIZED


LINKER GENERATED COPY TABLES

__TI_cinit_table @ 00001f10 records: 2, size/record: 8, table size: 16
	.data: load addr=00001ec0, load size=0000003a bytes, run addr=20000200, run size=0000008c bytes, compression=rle
	.bss: load addr=00001f08, load size=00000008 bytes, run addr=2000028c, run size=00000088 bytes, compression=zero_init


LINKER GENERATED HANDLER TABLE

__TI_handler_table @ 00001efc records: 3, size/record: 4, table size: 12
	index: 0, handler: __TI_decompress_rle24
	index: 1, handler: __TI_decompress_none
	index: 2, handler: __TI_zero_init


GLOBAL SYMBOLS: SORTED ALPHABETICALLY BY Name 

address   name                    
-------   ----                    
00001cb3  ADCIntClear             
00001ad5  ADCIntStatus            
00001b9b  ADCProcessorTrigger     
00001a29  ADCSequenceConfigure    
00001b7d  ADCSequenceDataGet      
00001c65  ADCSequenceEnable       
000015db  ADCSequenceStepConfigure
20000304  BPM                     
000019e5  C$$EXIT                 
00001c8f  CPUcpsie                
00001b31  GPIODirModeSet          
00001087  GPIOPadConfigSet        
0000190d  GPIOPinConfigure        
00001ccf  GPIOPinRead             
00001c0d  GPIOPinTypeADC          
00001c1f  GPIOPinTypeGPIOInput    
00001bb3  GPIOPinTypeGPIOOutput   
00001c31  GPIOPinTypeUART         
00001cd5  GPIOPinWrite            
20000200  IBI                     
000017a9  IntEnable               
00001c55  IntMasterEnable         
20000214  P                       
20000204  Pulse                   
20000208  QS                      
00001ca7  ResetISR                
UNDEFED   SHT$$INIT_ARRAY$$Base   
UNDEFED   SHT$$INIT_ARRAY$$Limit  
20000308  Signal                  
000011b9  SysCtlClockGet          
000013c5  SysCtlClockSet          
00001cdb  SysCtlDelay             
00001aa1  SysCtlPeripheralEnable  
20000218  T                       
000009d9  Timer0IntHandler        
00001811  TimerConfigure          
00001c73  TimerEnable             
00001ce7  TimerIntClear           
00001cc7  TimerIntEnable          
00001c43  TimerLoadSet            
00001cbd  UARTCharPut             
0000199d  UARTConfigSetExpClk     
00001b5d  UARTDisable             
00001be5  UARTEnable              
20000200  __STACK_END             
00000200  __STACK_SIZE            
20000200  __STACK_TOP             
00001f10  __TI_CINIT_Base         
00001f20  __TI_CINIT_Limit        
00001efc  __TI_Handler_Table_Base 
00001f08  __TI_Handler_Table_Limit
000016d1  __TI_auto_init          
20000280  __TI_cleanup_ptr        
00001c81  __TI_decompress_none    
00001ce1  __TI_decompress_rle24   
20000284  __TI_dtors_ptr          
00000000  __TI_static_base__      
00001c9b  __TI_zero_init          
00001555  __aeabi_cdrcmple        
00001955  __aeabi_d2f             
00000da5  __aeabi_dadd            
00000f51  __aeabi_ddiv            
000012c9  __aeabi_dmul            
00000d9b  __aeabi_dsub            
00001a67  __aeabi_f2d             
00001b03  __aeabi_i2d             
000016cf  __aeabi_ldiv0           
00000b7d  __aeabi_ldivmod         
00001655  __aeabi_memclr          
00001655  __aeabi_memclr4         
00001655  __aeabi_memclr8         
000014b9  __aeabi_memcpy          
000014b9  __aeabi_memcpy4         
000014b9  __aeabi_memcpy8         
00001657  __aeabi_memset          
00001657  __aeabi_memset4         
00001657  __aeabi_memset8         
ffffffff  __binit__               
ffffffff  __c_args__              
20000000  __stack                 
00001bcd  _args_main              
00001871  _c_int00                
20000278  _lock                   
00001c07  _nop                    
00001bff  _register_lock          
00001bf9  _register_unlock        
00001ceb  _system_pre_init        
2000027c  _unlock                 
000019e9  abort                   
20000260  alreadyOpen             
20000220  amp                     
20000254  averageBlinkDuration    
2000025c  avgThreshold            
ffffffff  binit                   
200002dc  blinkDuration           
20000230  blinkTime               
000003f5  calcBPM                 
00000659  calcEyeBlink            
000018c1  copy_in                 
20000264  count                   
20000268  countLimit              
20000248  curClosedCount          
2000024c  curClosedSum            
20000258  curThreshold            
2000026c  err                     
20000270  err1                    
20000274  err2                    
000019f1  exit                    
20000224  firstBeat               
00000000  g_pfnVectors            
20000244  highcount               
2000023c  highval                 
2000030c  hrValue                 
20000310  irValue                 
20000250  iterator                
20000210  lastBeatTime            
0000031b  led_pin_config          
00000889  logData                 
20000240  lowcount                
20000238  lowval                  
000003b1  main                    
20000288  main_func_sp            
000014b9  memcpy                  
0000165d  memset                  
20000234  midval                  
2000028c  rate                    
2000022c  ready                   
2000020c  sampleCounter           
20000228  secondBeat              
0000026d  setup                   
0000032f  setupTimerInterrupt     
00000377  setupUART               
000002cf  switchPinConfig         
2000021c  thresh                  


GLOBAL SYMBOLS: SORTED BY Symbol Address 

address   name                    
-------   ----                    
00000000  __TI_static_base__      
00000000  g_pfnVectors            
00000200  __STACK_SIZE            
0000026d  setup                   
000002cf  switchPinConfig         
0000031b  led_pin_config          
0000032f  setupTimerInterrupt     
00000377  setupUART               
000003b1  main                    
000003f5  calcBPM                 
00000659  calcEyeBlink            
00000889  logData                 
000009d9  Timer0IntHandler        
00000b7d  __aeabi_ldivmod         
00000d9b  __aeabi_dsub            
00000da5  __aeabi_dadd            
00000f51  __aeabi_ddiv            
00001087  GPIOPadConfigSet        
000011b9  SysCtlClockGet          
000012c9  __aeabi_dmul            
000013c5  SysCtlClockSet          
000014b9  __aeabi_memcpy          
000014b9  __aeabi_memcpy4         
000014b9  __aeabi_memcpy8         
000014b9  memcpy                  
00001555  __aeabi_cdrcmple        
000015db  ADCSequenceStepConfigure
00001655  __aeabi_memclr          
00001655  __aeabi_memclr4         
00001655  __aeabi_memclr8         
00001657  __aeabi_memset          
00001657  __aeabi_memset4         
00001657  __aeabi_memset8         
0000165d  memset                  
000016cf  __aeabi_ldiv0           
000016d1  __TI_auto_init          
000017a9  IntEnable               
00001811  TimerConfigure          
00001871  _c_int00                
000018c1  copy_in                 
0000190d  GPIOPinConfigure        
00001955  __aeabi_d2f             
0000199d  UARTConfigSetExpClk     
000019e5  C$$EXIT                 
000019e9  abort                   
000019f1  exit                    
00001a29  ADCSequenceConfigure    
00001a67  __aeabi_f2d             
00001aa1  SysCtlPeripheralEnable  
00001ad5  ADCIntStatus            
00001b03  __aeabi_i2d             
00001b31  GPIODirModeSet          
00001b5d  UARTDisable             
00001b7d  ADCSequenceDataGet      
00001b9b  ADCProcessorTrigger     
00001bb3  GPIOPinTypeGPIOOutput   
00001bcd  _args_main              
00001be5  UARTEnable              
00001bf9  _register_unlock        
00001bff  _register_lock          
00001c07  _nop                    
00001c0d  GPIOPinTypeADC          
00001c1f  GPIOPinTypeGPIOInput    
00001c31  GPIOPinTypeUART         
00001c43  TimerLoadSet            
00001c55  IntMasterEnable         
00001c65  ADCSequenceEnable       
00001c73  TimerEnable             
00001c81  __TI_decompress_none    
00001c8f  CPUcpsie                
00001c9b  __TI_zero_init          
00001ca7  ResetISR                
00001cb3  ADCIntClear             
00001cbd  UARTCharPut             
00001cc7  TimerIntEnable          
00001ccf  GPIOPinRead             
00001cd5  GPIOPinWrite            
00001cdb  SysCtlDelay             
00001ce1  __TI_decompress_rle24   
00001ce7  TimerIntClear           
00001ceb  _system_pre_init        
00001efc  __TI_Handler_Table_Base 
00001f08  __TI_Handler_Table_Limit
00001f10  __TI_CINIT_Base         
00001f20  __TI_CINIT_Limit        
20000000  __stack                 
20000200  IBI                     
20000200  __STACK_END             
20000200  __STACK_TOP             
20000204  Pulse                   
20000208  QS                      
2000020c  sampleCounter           
20000210  lastBeatTime            
20000214  P                       
20000218  T                       
2000021c  thresh                  
20000220  amp                     
20000224  firstBeat               
20000228  secondBeat              
2000022c  ready                   
20000230  blinkTime               
20000234  midval                  
20000238  lowval                  
2000023c  highval                 
20000240  lowcount                
20000244  highcount               
20000248  curClosedCount          
2000024c  curClosedSum            
20000250  iterator                
20000254  averageBlinkDuration    
20000258  curThreshold            
2000025c  avgThreshold            
20000260  alreadyOpen             
20000264  count                   
20000268  countLimit              
2000026c  err                     
20000270  err1                    
20000274  err2                    
20000278  _lock                   
2000027c  _unlock                 
20000280  __TI_cleanup_ptr        
20000284  __TI_dtors_ptr          
20000288  main_func_sp            
2000028c  rate                    
200002dc  blinkDuration           
20000304  BPM                     
20000308  Signal                  
2000030c  hrValue                 
20000310  irValue                 
ffffffff  __binit__               
ffffffff  __c_args__              
ffffffff  binit                   
UNDEFED   SHT$$INIT_ARRAY$$Base   
UNDEFED   SHT$$INIT_ARRAY$$Limit  

[134 symbols]
